[15:57:14] E1 build/bench_gcc --n 1048576 --u 1048576
[15:57:25] E1 build/bench_clang_libcxx --n 1048576 --u 1048576
[15:57:37] E1 build/bench_clang_libstdcxx --n 1048576 --u 1048576
[15:57:49] E2 build/bench_gcc --n 16 --u 8 --algs sort,uset,radix,flat
[15:57:52] E2 build/bench_clang_libcxx --n 16 --u 8 --algs sort,uset
[15:57:52] E2 build/bench_gcc --n 64 --u 32 --algs sort,uset,radix,flat
[15:57:55] E2 build/bench_clang_libcxx --n 64 --u 32 --algs sort,uset
[15:57:56] E2 build/bench_gcc --n 256 --u 128 --algs sort,uset,radix,flat
[15:57:58] E2 build/bench_clang_libcxx --n 256 --u 128 --algs sort,uset
[15:58:00] E2 build/bench_gcc --n 1024 --u 512 --algs sort,uset,radix,flat
[15:58:03] E2 build/bench_clang_libcxx --n 1024 --u 512 --algs sort,uset
[15:58:04] E2 build/bench_gcc --n 4096 --u 2048 --algs sort,uset,radix,flat
[15:58:07] E2 build/bench_clang_libcxx --n 4096 --u 2048 --algs sort,uset
[15:58:09] E2 build/bench_gcc --n 16384 --u 8192 --algs sort,uset,radix,flat
[15:58:13] E2 build/bench_clang_libcxx --n 16384 --u 8192 --algs sort,uset
[15:58:15] E2 build/bench_gcc --n 65536 --u 32768 --algs sort,uset,radix,flat
[15:58:19] E2 build/bench_clang_libcxx --n 65536 --u 32768 --algs sort,uset
[15:58:22] E2 build/bench_gcc --n 262144 --u 131072 --algs sort,uset,radix,flat
[15:58:28] E2 build/bench_clang_libcxx --n 262144 --u 131072 --algs sort,uset
[15:58:33] E2 build/bench_gcc --n 524288 --u 262144 --algs sort,uset,radix,flat
[15:58:40] E2 build/bench_clang_libcxx --n 524288 --u 262144 --algs sort,uset
[15:58:45] E2 build/bench_gcc --n 1048576 --u 524288 --algs sort,uset,radix,flat
[15:58:52] E2 build/bench_clang_libcxx --n 1048576 --u 524288 --algs sort,uset
[15:58:58] E2 build/bench_gcc --n 2097152 --u 1048576 --algs sort,uset,radix,flat
[15:59:06] E2 build/bench_clang_libcxx --n 2097152 --u 1048576 --algs sort,uset
[15:59:12] E2 build/bench_gcc --n 4194304 --u 2097152 --algs sort,uset,radix,flat
[15:59:33] E2 build/bench_clang_libcxx --n 4194304 --u 2097152 --algs sort,uset
[15:59:47] E3 build/bench_gcc --n 1048576 --u 1 --variant all_equal
[15:59:48] E3 build/bench_gcc --n 1048576 --ufrac 0.01 --variant ufrac_0.01
[15:59:51] E3 build/bench_gcc --n 1048576 --ufrac 0.1 --variant ufrac_0.1
[15:59:56] E3 build/bench_gcc --n 1048576 --ufrac 0.5 --variant ufrac_0.5
[16:00:03] E3 build/bench_gcc --n 1048576 --ufrac 1 --variant ufrac_1
[16:00:15] E3 build/bench_clang_libcxx --n 1048576 --u 1 --variant all_equal
[16:00:16] E3 build/bench_clang_libcxx --n 1048576 --ufrac 0.01 --variant ufrac_0.01
[16:00:19] E3 build/bench_clang_libcxx --n 1048576 --ufrac 0.1 --variant ufrac_0.1
[16:00:23] E3 build/bench_clang_libcxx --n 1048576 --ufrac 0.5 --variant ufrac_0.5
[16:00:31] E3 build/bench_clang_libcxx --n 1048576 --ufrac 1 --variant ufrac_1
[16:00:43] E4 build/bench_gcc --n 1048576 --u 524288 --order random
[16:00:50] E4 build/bench_gcc --n 1048576 --u 524288 --order runs
[16:00:57] E4 build/bench_gcc --n 1048576 --u 524288 --order sorted
[16:01:03] E4 build/bench_clang_libcxx --n 1048576 --u 524288 --order random
[16:01:11] E4 build/bench_clang_libcxx --n 1048576 --u 524288 --order runs
[16:01:18] E4 build/bench_clang_libcxx --n 1048576 --u 524288 --order sorted
[16:01:24] E5 build/bench_gcc --n 1024 --u 512 --algs sort --work 1048576 --blocks 9 --pool 1 --batch 1 --variant a_one_array_restored
[16:01:24] E5 build/bench_gcc --n 1024 --u 512 --algs sort --work 1048576 --blocks 9 --pool 1 --batch 64 --variant b_64_identical_copies
[16:01:24] E5 build/bench_gcc --n 1024 --u 512 --algs sort --work 1048576 --blocks 9 --pool 64 --batch 64 --variant c_64_different
[16:01:24] E5 build/bench_gcc --n 1024 --u 512 --algs sort --work 1048576 --blocks 9 --pool 8 --batch 8 --variant d_8_different_64KB
[16:01:25] E5 build/bench_gcc --n 1024 --u 512 --algs sort --work 1048576 --blocks 9 --pool 4 --batch 4 --variant d4_4_different_32KB
[16:01:25] E5 build/bench_gcc --n 1024 --u 512 --algs sort --work 1048576 --blocks 9 --pool 64 --batch 1 --variant e_64_different_one_buffer
[16:01:26] E5 build/bench_gcc --n 1024 --u 512 --algs sort --work 1048576 --blocks 9 --pool 2 --batch 1 --variant f_2_different_one_buffer
[16:01:26] E5 build/bench_gcc --n 1024 --u 512 --algs sort --work 1048576 --blocks 9 --pool 4 --batch 1 --variant f_4_different_one_buffer
[16:01:26] E5 build/bench_gcc --n 1024 --u 512 --algs sort --work 1048576 --blocks 9 --pool 8 --batch 1 --variant f_8_different_one_buffer
[16:01:27] E5 build/bench_gcc --n 1024 --u 512 --algs sort --work 1048576 --blocks 9 --pool 16 --batch 1 --variant f_16_different_one_buffer
[16:01:27] E5 build/bench_gcc --n 1024 --u 512 --algs sort --work 1048576 --blocks 9 --pool 1 --batch 4 --variant g_4_identical_copies
[16:01:28] E5 build/bench_gcc --n 1024 --u 512 --algs sort --work 1048576 --blocks 9 --pool 1 --batch 8 --variant g_8_identical_copies
[16:01:28] E5 build/bench_gcc --n 1024 --u 512 --algs sort --work 1048576 --blocks 9 --pool 1 --batch 16 --variant g_16_identical_copies
[16:01:28] E5 build/bench_gcc --n 1024 --u 512 --algs radix --work 1048576 --blocks 9 --pool 1 --batch 1 --variant a_one_array_restored
[16:01:28] E5 build/bench_gcc --n 1024 --u 512 --algs radix --work 1048576 --blocks 9 --pool 1 --batch 64 --variant b_64_identical_copies
[16:01:28] E5 build/bench_gcc --n 1024 --u 512 --algs radix --work 1048576 --blocks 9 --pool 64 --batch 64 --variant c_64_different
[16:01:28] E5 build/bench_gcc --n 1024 --u 512 --algs radix --work 1048576 --blocks 9 --pool 8 --batch 8 --variant d_8_different_64KB
[16:01:29] E5 build/bench_gcc --n 1024 --u 512 --algs radix --work 1048576 --blocks 9 --pool 4 --batch 4 --variant d4_4_different_32KB
[16:01:29] E5 build/bench_gcc --n 1024 --u 512 --algs radix --work 1048576 --blocks 9 --pool 64 --batch 1 --variant e_64_different_one_buffer
[16:01:29] E5 build/bench_gcc --n 1024 --u 512 --algs radix --work 1048576 --blocks 9 --pool 2 --batch 1 --variant f_2_different_one_buffer
[16:01:29] E5 build/bench_gcc --n 1024 --u 512 --algs radix --work 1048576 --blocks 9 --pool 4 --batch 1 --variant f_4_different_one_buffer
[16:01:29] E5 build/bench_gcc --n 1024 --u 512 --algs radix --work 1048576 --blocks 9 --pool 8 --batch 1 --variant f_8_different_one_buffer
[16:01:29] E5 build/bench_gcc --n 1024 --u 512 --algs radix --work 1048576 --blocks 9 --pool 16 --batch 1 --variant f_16_different_one_buffer
[16:01:30] E5 build/bench_gcc --n 1024 --u 512 --algs radix --work 1048576 --blocks 9 --pool 1 --batch 4 --variant g_4_identical_copies
[16:01:30] E5 build/bench_gcc --n 1024 --u 512 --algs radix --work 1048576 --blocks 9 --pool 1 --batch 8 --variant g_8_identical_copies
[16:01:30] E5 build/bench_gcc --n 1024 --u 512 --algs radix --work 1048576 --blocks 9 --pool 1 --batch 16 --variant g_16_identical_copies
[16:01:30] E5 build/bench_clang_libcxx --n 1024 --u 512 --algs sort --work 1048576 --blocks 9 --pool 1 --batch 1 --variant a_one_array_restored
[16:01:30] E5 build/bench_clang_libcxx --n 1024 --u 512 --algs sort --work 1048576 --blocks 9 --pool 1 --batch 64 --variant b_64_identical_copies
[16:01:30] E5 build/bench_clang_libcxx --n 1024 --u 512 --algs sort --work 1048576 --blocks 9 --pool 64 --batch 64 --variant c_64_different
[16:01:31] E5 build/bench_clang_libcxx --n 1024 --u 512 --algs sort --work 1048576 --blocks 9 --pool 8 --batch 8 --variant d_8_different_64KB
[16:01:31] E5 build/bench_clang_libcxx --n 1024 --u 512 --algs sort --work 1048576 --blocks 9 --pool 4 --batch 4 --variant d4_4_different_32KB
[16:01:32] E5 build/bench_clang_libcxx --n 1024 --u 512 --algs sort --work 1048576 --blocks 9 --pool 64 --batch 1 --variant e_64_different_one_buffer
[16:01:32] E5 build/bench_clang_libcxx --n 1024 --u 512 --algs sort --work 1048576 --blocks 9 --pool 2 --batch 1 --variant f_2_different_one_buffer
[16:01:32] E5 build/bench_clang_libcxx --n 1024 --u 512 --algs sort --work 1048576 --blocks 9 --pool 4 --batch 1 --variant f_4_different_one_buffer
[16:01:33] E5 build/bench_clang_libcxx --n 1024 --u 512 --algs sort --work 1048576 --blocks 9 --pool 8 --batch 1 --variant f_8_different_one_buffer
[16:01:33] E5 build/bench_clang_libcxx --n 1024 --u 512 --algs sort --work 1048576 --blocks 9 --pool 16 --batch 1 --variant f_16_different_one_buffer
[16:01:34] E5 build/bench_clang_libcxx --n 1024 --u 512 --algs sort --work 1048576 --blocks 9 --pool 1 --batch 4 --variant g_4_identical_copies
[16:01:34] E5 build/bench_clang_libcxx --n 1024 --u 512 --algs sort --work 1048576 --blocks 9 --pool 1 --batch 8 --variant g_8_identical_copies
[16:01:34] E5 build/bench_clang_libcxx --n 1024 --u 512 --algs sort --work 1048576 --blocks 9 --pool 1 --batch 16 --variant g_16_identical_copies
[16:01:34] E5 build/bench_clang_libcxx --n 1024 --u 512 --algs radix --work 1048576 --blocks 9 --pool 1 --batch 1 --variant a_one_array_restored
[16:01:34] E5 build/bench_clang_libcxx --n 1024 --u 512 --algs radix --work 1048576 --blocks 9 --pool 1 --batch 64 --variant b_64_identical_copies
[16:01:34] E5 build/bench_clang_libcxx --n 1024 --u 512 --algs radix --work 1048576 --blocks 9 --pool 64 --batch 64 --variant c_64_different
[16:01:35] E5 build/bench_clang_libcxx --n 1024 --u 512 --algs radix --work 1048576 --blocks 9 --pool 8 --batch 8 --variant d_8_different_64KB
[16:01:35] E5 build/bench_clang_libcxx --n 1024 --u 512 --algs radix --work 1048576 --blocks 9 --pool 4 --batch 4 --variant d4_4_different_32KB
[16:01:35] E5 build/bench_clang_libcxx --n 1024 --u 512 --algs radix --work 1048576 --blocks 9 --pool 64 --batch 1 --variant e_64_different_one_buffer
[16:01:35] E5 build/bench_clang_libcxx --n 1024 --u 512 --algs radix --work 1048576 --blocks 9 --pool 2 --batch 1 --variant f_2_different_one_buffer
[16:01:35] E5 build/bench_clang_libcxx --n 1024 --u 512 --algs radix --work 1048576 --blocks 9 --pool 4 --batch 1 --variant f_4_different_one_buffer
[16:01:36] E5 build/bench_clang_libcxx --n 1024 --u 512 --algs radix --work 1048576 --blocks 9 --pool 8 --batch 1 --variant f_8_different_one_buffer
[16:01:36] E5 build/bench_clang_libcxx --n 1024 --u 512 --algs radix --work 1048576 --blocks 9 --pool 16 --batch 1 --variant f_16_different_one_buffer
[16:01:36] E5 build/bench_clang_libcxx --n 1024 --u 512 --algs radix --work 1048576 --blocks 9 --pool 1 --batch 4 --variant g_4_identical_copies
[16:01:36] E5 build/bench_clang_libcxx --n 1024 --u 512 --algs radix --work 1048576 --blocks 9 --pool 1 --batch 8 --variant g_8_identical_copies
[16:01:36] E5 build/bench_clang_libcxx --n 1024 --u 512 --algs radix --work 1048576 --blocks 9 --pool 1 --batch 16 --variant g_16_identical_copies
[16:01:36] E6 build/bench_gcc --n 1048576 --u 1 --algs sort --blocks 9
[16:01:37] E6 build/bench_clang_libcxx --n 1048576 --u 1 --algs sort --blocks 9
[16:01:38] E6 build/bench_clang_libstdcxx --n 1048576 --u 1 --algs sort --blocks 9
[16:01:39] E7 build/bench_gcc --n 1048576 --u 524288 --keys random
[16:01:46] E7 build/bench_gcc --n 1048576 --u 524288 --keys dense
[16:01:52] E7 build/bench_clang_libcxx --n 1048576 --u 524288 --keys random
[16:02:00] E7 build/bench_clang_libcxx --n 1048576 --u 524288 --keys dense
[16:02:07] E8 build/bench_gcc --keys e8 --nlocal 1048576 --n 1114112 --algs sort,uset,radix,flat,merge_inplace,merge_union
[16:02:19] E8 build/bench_clang_libcxx --keys e8 --nlocal 1048576 --n 1114112 --algs sort,uset,radix,flat,merge_inplace,merge_union
[16:02:31] E9 build/bench_gcc --n 1048576 --u 1048576 --variant thp_malloc
[16:02:44] E9 build/bench_gcc --n 1048576 --u 1048576 --variant default_malloc
[16:02:56] E9 build/bench_gcc --n 1048576 --u 524288 --algs sort,uset --variant thp_malloc
[16:03:02] E9 build/bench_gcc --n 1048576 --u 524288 --algs sort,uset --variant default_malloc
[16:03:07] E9 build/bench_clang_libcxx --n 1048576 --u 1048576 --variant thp_malloc
[16:03:20] E9 build/bench_clang_libcxx --n 1048576 --u 1048576 --variant default_malloc
[16:03:32] E9 build/bench_clang_libcxx --n 1048576 --u 524288 --algs sort,uset --variant thp_malloc
[16:03:39] E9 build/bench_clang_libcxx --n 1048576 --u 524288 --algs sort,uset --variant default_malloc
[16:03:45] session s1 done: E1 E2 E3 E4 E5 E6 E7 E8 E9
[16:06:10] E2b build/bench_gcc --n 16 --u 8 --algs sort,uset --pool 16384 --variant pool_256K_elems
[16:06:11] E2b build/bench_clang_libcxx --n 16 --u 8 --algs sort,uset --pool 16384 --variant pool_256K_elems
[16:06:12] E2b build/bench_gcc --n 64 --u 32 --algs sort,uset --pool 4096 --variant pool_256K_elems
[16:06:13] E2b build/bench_clang_libcxx --n 64 --u 32 --algs sort,uset --pool 4096 --variant pool_256K_elems
[16:06:14] E2b build/bench_gcc --n 256 --u 128 --algs sort,uset --pool 1024 --variant pool_256K_elems
[16:06:16] E2b build/bench_clang_libcxx --n 256 --u 128 --algs sort,uset --pool 1024 --variant pool_256K_elems
[16:06:18] E2b build/bench_gcc --n 1024 --u 512 --algs sort,uset --pool 256 --variant pool_256K_elems
[16:06:20] E2b build/bench_clang_libcxx --n 1024 --u 512 --algs sort,uset --pool 256 --variant pool_256K_elems
[16:06:21] E2b build/bench_gcc --n 4096 --u 2048 --algs sort,uset --pool 64 --variant pool_256K_elems
[16:06:23] E2b build/bench_clang_libcxx --n 4096 --u 2048 --algs sort,uset --pool 64 --variant pool_256K_elems
[16:06:25] E10 build/bench_gcc --n 1048576 --u 1048576 --algs sort,uset,uset_1pass
[16:06:40] E10 build/bench_gcc --n 1048576 --u 524288 --algs sort,uset,uset_1pass
[16:06:48] E10 build/bench_clang_libcxx --n 1048576 --u 1048576 --algs sort,uset,uset_1pass
[16:07:02] E10 build/bench_clang_libcxx --n 1048576 --u 524288 --algs sort,uset,uset_1pass
[16:07:09] session s1 done: E2b E10
[16:07:10] E1 build/bench_gcc --n 1048576 --u 1048576
[16:07:21] E1 build/bench_clang_libcxx --n 1048576 --u 1048576
[16:07:33] E1 build/bench_clang_libstdcxx --n 1048576 --u 1048576
[16:07:45] E2 build/bench_gcc --n 16 --u 8 --algs sort,uset,radix,flat
[16:07:47] E2 build/bench_clang_libcxx --n 16 --u 8 --algs sort,uset
[16:07:48] E2 build/bench_gcc --n 64 --u 32 --algs sort,uset,radix,flat
[16:07:50] E2 build/bench_clang_libcxx --n 64 --u 32 --algs sort,uset
[16:07:51] E2 build/bench_gcc --n 256 --u 128 --algs sort,uset,radix,flat
[16:07:54] E2 build/bench_clang_libcxx --n 256 --u 128 --algs sort,uset
[16:07:55] E2 build/bench_gcc --n 1024 --u 512 --algs sort,uset,radix,flat
[16:07:58] E2 build/bench_clang_libcxx --n 1024 --u 512 --algs sort,uset
[16:08:00] E2 build/bench_gcc --n 4096 --u 2048 --algs sort,uset,radix,flat
[16:08:03] E2 build/bench_clang_libcxx --n 4096 --u 2048 --algs sort,uset
[16:08:05] E2 build/bench_gcc --n 16384 --u 8192 --algs sort,uset,radix,flat
[16:08:09] E2 build/bench_clang_libcxx --n 16384 --u 8192 --algs sort,uset
[16:08:11] E2 build/bench_gcc --n 65536 --u 32768 --algs sort,uset,radix,flat
[16:08:15] E2 build/bench_clang_libcxx --n 65536 --u 32768 --algs sort,uset
[16:08:18] E2 build/bench_gcc --n 262144 --u 131072 --algs sort,uset,radix,flat
[16:08:24] E2 build/bench_clang_libcxx --n 262144 --u 131072 --algs sort,uset
[16:08:29] E2 build/bench_gcc --n 524288 --u 262144 --algs sort,uset,radix,flat
[16:08:36] E2 build/bench_clang_libcxx --n 524288 --u 262144 --algs sort,uset
[16:08:41] E2 build/bench_gcc --n 1048576 --u 524288 --algs sort,uset,radix,flat
[16:08:48] E2 build/bench_clang_libcxx --n 1048576 --u 524288 --algs sort,uset
[16:08:54] E2 build/bench_gcc --n 2097152 --u 1048576 --algs sort,uset,radix,flat
[16:09:02] E2 build/bench_clang_libcxx --n 2097152 --u 1048576 --algs sort,uset
[16:09:08] E2 build/bench_gcc --n 4194304 --u 2097152 --algs sort,uset,radix,flat
[16:09:28] E2 build/bench_clang_libcxx --n 4194304 --u 2097152 --algs sort,uset
[16:09:43] E2b build/bench_gcc --n 16 --u 8 --algs sort,uset --pool 16384 --variant pool_256K_elems
[16:09:44] E2b build/bench_clang_libcxx --n 16 --u 8 --algs sort,uset --pool 16384 --variant pool_256K_elems
[16:09:45] E2b build/bench_gcc --n 64 --u 32 --algs sort,uset --pool 4096 --variant pool_256K_elems
[16:09:46] E2b build/bench_clang_libcxx --n 64 --u 32 --algs sort,uset --pool 4096 --variant pool_256K_elems
[16:09:47] E2b build/bench_gcc --n 256 --u 128 --algs sort,uset --pool 1024 --variant pool_256K_elems
[16:09:49] E2b build/bench_clang_libcxx --n 256 --u 128 --algs sort,uset --pool 1024 --variant pool_256K_elems
[16:09:51] E2b build/bench_gcc --n 1024 --u 512 --algs sort,uset --pool 256 --variant pool_256K_elems
[16:09:53] E2b build/bench_clang_libcxx --n 1024 --u 512 --algs sort,uset --pool 256 --variant pool_256K_elems
[16:09:54] E2b build/bench_gcc --n 4096 --u 2048 --algs sort,uset --pool 64 --variant pool_256K_elems
[16:09:56] E2b build/bench_clang_libcxx --n 4096 --u 2048 --algs sort,uset --pool 64 --variant pool_256K_elems
[16:09:58] E3 build/bench_gcc --n 1048576 --u 1 --variant all_equal
[16:09:59] E3 build/bench_gcc --n 1048576 --ufrac 0.01 --variant ufrac_0.01
[16:10:02] E3 build/bench_gcc --n 1048576 --ufrac 0.1 --variant ufrac_0.1
[16:10:07] E3 build/bench_gcc --n 1048576 --ufrac 0.5 --variant ufrac_0.5
[16:10:14] E3 build/bench_gcc --n 1048576 --ufrac 1 --variant ufrac_1
[16:10:27] E3 build/bench_clang_libcxx --n 1048576 --u 1 --variant all_equal
[16:10:27] E3 build/bench_clang_libcxx --n 1048576 --ufrac 0.01 --variant ufrac_0.01
[16:10:30] E3 build/bench_clang_libcxx --n 1048576 --ufrac 0.1 --variant ufrac_0.1
[16:10:35] E3 build/bench_clang_libcxx --n 1048576 --ufrac 0.5 --variant ufrac_0.5
[16:10:43] E3 build/bench_clang_libcxx --n 1048576 --ufrac 1 --variant ufrac_1
[16:10:55] E4 build/bench_gcc --n 1048576 --u 524288 --order random
[16:11:02] E4 build/bench_gcc --n 1048576 --u 524288 --order runs
[16:11:09] E4 build/bench_gcc --n 1048576 --u 524288 --order sorted
[16:11:15] E4 build/bench_clang_libcxx --n 1048576 --u 524288 --order random
[16:11:23] E4 build/bench_clang_libcxx --n 1048576 --u 524288 --order runs
[16:11:30] E4 build/bench_clang_libcxx --n 1048576 --u 524288 --order sorted
[16:11:36] E5 build/bench_gcc --n 1024 --u 512 --algs sort --work 1048576 --blocks 9 --pool 1 --batch 1 --variant a_one_array_restored
[16:11:36] E5 build/bench_gcc --n 1024 --u 512 --algs sort --work 1048576 --blocks 9 --pool 1 --batch 64 --variant b_64_identical_copies
[16:11:36] E5 build/bench_gcc --n 1024 --u 512 --algs sort --work 1048576 --blocks 9 --pool 64 --batch 64 --variant c_64_different
[16:11:36] E5 build/bench_gcc --n 1024 --u 512 --algs sort --work 1048576 --blocks 9 --pool 8 --batch 8 --variant d_8_different_64KB
[16:11:37] E5 build/bench_gcc --n 1024 --u 512 --algs sort --work 1048576 --blocks 9 --pool 4 --batch 4 --variant d4_4_different_32KB
[16:11:37] E5 build/bench_gcc --n 1024 --u 512 --algs sort --work 1048576 --blocks 9 --pool 64 --batch 1 --variant e_64_different_one_buffer
[16:11:38] E5 build/bench_gcc --n 1024 --u 512 --algs sort --work 1048576 --blocks 9 --pool 2 --batch 1 --variant f_2_different_one_buffer
[16:11:38] E5 build/bench_gcc --n 1024 --u 512 --algs sort --work 1048576 --blocks 9 --pool 4 --batch 1 --variant f_4_different_one_buffer
[16:11:38] E5 build/bench_gcc --n 1024 --u 512 --algs sort --work 1048576 --blocks 9 --pool 8 --batch 1 --variant f_8_different_one_buffer
[16:11:39] E5 build/bench_gcc --n 1024 --u 512 --algs sort --work 1048576 --blocks 9 --pool 16 --batch 1 --variant f_16_different_one_buffer
[16:11:39] E5 build/bench_gcc --n 1024 --u 512 --algs sort --work 1048576 --blocks 9 --pool 1 --batch 4 --variant g_4_identical_copies
[16:11:39] E5 build/bench_gcc --n 1024 --u 512 --algs sort --work 1048576 --blocks 9 --pool 1 --batch 8 --variant g_8_identical_copies
[16:11:39] E5 build/bench_gcc --n 1024 --u 512 --algs sort --work 1048576 --blocks 9 --pool 1 --batch 16 --variant g_16_identical_copies
[16:11:40] E5 build/bench_gcc --n 1024 --u 512 --algs radix --work 1048576 --blocks 9 --pool 1 --batch 1 --variant a_one_array_restored
[16:11:40] E5 build/bench_gcc --n 1024 --u 512 --algs radix --work 1048576 --blocks 9 --pool 1 --batch 64 --variant b_64_identical_copies
[16:11:40] E5 build/bench_gcc --n 1024 --u 512 --algs radix --work 1048576 --blocks 9 --pool 64 --batch 64 --variant c_64_different
[16:11:40] E5 build/bench_gcc --n 1024 --u 512 --algs radix --work 1048576 --blocks 9 --pool 8 --batch 8 --variant d_8_different_64KB
[16:11:40] E5 build/bench_gcc --n 1024 --u 512 --algs radix --work 1048576 --blocks 9 --pool 4 --batch 4 --variant d4_4_different_32KB
[16:11:40] E5 build/bench_gcc --n 1024 --u 512 --algs radix --work 1048576 --blocks 9 --pool 64 --batch 1 --variant e_64_different_one_buffer
[16:11:41] E5 build/bench_gcc --n 1024 --u 512 --algs radix --work 1048576 --blocks 9 --pool 2 --batch 1 --variant f_2_different_one_buffer
[16:11:41] E5 build/bench_gcc --n 1024 --u 512 --algs radix --work 1048576 --blocks 9 --pool 4 --batch 1 --variant f_4_different_one_buffer
[16:11:41] E5 build/bench_gcc --n 1024 --u 512 --algs radix --work 1048576 --blocks 9 --pool 8 --batch 1 --variant f_8_different_one_buffer
[16:11:41] E5 build/bench_gcc --n 1024 --u 512 --algs radix --work 1048576 --blocks 9 --pool 16 --batch 1 --variant f_16_different_one_buffer
[16:11:41] E5 build/bench_gcc --n 1024 --u 512 --algs radix --work 1048576 --blocks 9 --pool 1 --batch 4 --variant g_4_identical_copies
[16:11:41] E5 build/bench_gcc --n 1024 --u 512 --algs radix --work 1048576 --blocks 9 --pool 1 --batch 8 --variant g_8_identical_copies
[16:11:42] E5 build/bench_gcc --n 1024 --u 512 --algs radix --work 1048576 --blocks 9 --pool 1 --batch 16 --variant g_16_identical_copies
[16:11:42] E5 build/bench_clang_libcxx --n 1024 --u 512 --algs sort --work 1048576 --blocks 9 --pool 1 --batch 1 --variant a_one_array_restored
[16:11:42] E5 build/bench_clang_libcxx --n 1024 --u 512 --algs sort --work 1048576 --blocks 9 --pool 1 --batch 64 --variant b_64_identical_copies
[16:11:42] E5 build/bench_clang_libcxx --n 1024 --u 512 --algs sort --work 1048576 --blocks 9 --pool 64 --batch 64 --variant c_64_different
[16:11:43] E5 build/bench_clang_libcxx --n 1024 --u 512 --algs sort --work 1048576 --blocks 9 --pool 8 --batch 8 --variant d_8_different_64KB
[16:11:43] E5 build/bench_clang_libcxx --n 1024 --u 512 --algs sort --work 1048576 --blocks 9 --pool 4 --batch 4 --variant d4_4_different_32KB
[16:11:43] E5 build/bench_clang_libcxx --n 1024 --u 512 --algs sort --work 1048576 --blocks 9 --pool 64 --batch 1 --variant e_64_different_one_buffer
[16:11:44] E5 build/bench_clang_libcxx --n 1024 --u 512 --algs sort --work 1048576 --blocks 9 --pool 2 --batch 1 --variant f_2_different_one_buffer
[16:11:44] E5 build/bench_clang_libcxx --n 1024 --u 512 --algs sort --work 1048576 --blocks 9 --pool 4 --batch 1 --variant f_4_different_one_buffer
[16:11:45] E5 build/bench_clang_libcxx --n 1024 --u 512 --algs sort --work 1048576 --blocks 9 --pool 8 --batch 1 --variant f_8_different_one_buffer
[16:11:45] E5 build/bench_clang_libcxx --n 1024 --u 512 --algs sort --work 1048576 --blocks 9 --pool 16 --batch 1 --variant f_16_different_one_buffer
[16:11:46] E5 build/bench_clang_libcxx --n 1024 --u 512 --algs sort --work 1048576 --blocks 9 --pool 1 --batch 4 --variant g_4_identical_copies
[16:11:46] E5 build/bench_clang_libcxx --n 1024 --u 512 --algs sort --work 1048576 --blocks 9 --pool 1 --batch 8 --variant g_8_identical_copies
[16:11:46] E5 build/bench_clang_libcxx --n 1024 --u 512 --algs sort --work 1048576 --blocks 9 --pool 1 --batch 16 --variant g_16_identical_copies
[16:11:46] E5 build/bench_clang_libcxx --n 1024 --u 512 --algs radix --work 1048576 --blocks 9 --pool 1 --batch 1 --variant a_one_array_restored
[16:11:46] E5 build/bench_clang_libcxx --n 1024 --u 512 --algs radix --work 1048576 --blocks 9 --pool 1 --batch 64 --variant b_64_identical_copies
[16:11:46] E5 build/bench_clang_libcxx --n 1024 --u 512 --algs radix --work 1048576 --blocks 9 --pool 64 --batch 64 --variant c_64_different
[16:11:46] E5 build/bench_clang_libcxx --n 1024 --u 512 --algs radix --work 1048576 --blocks 9 --pool 8 --batch 8 --variant d_8_different_64KB
[16:11:47] E5 build/bench_clang_libcxx --n 1024 --u 512 --algs radix --work 1048576 --blocks 9 --pool 4 --batch 4 --variant d4_4_different_32KB
[16:11:47] E5 build/bench_clang_libcxx --n 1024 --u 512 --algs radix --work 1048576 --blocks 9 --pool 64 --batch 1 --variant e_64_different_one_buffer
[16:11:47] E5 build/bench_clang_libcxx --n 1024 --u 512 --algs radix --work 1048576 --blocks 9 --pool 2 --batch 1 --variant f_2_different_one_buffer
[16:11:47] E5 build/bench_clang_libcxx --n 1024 --u 512 --algs radix --work 1048576 --blocks 9 --pool 4 --batch 1 --variant f_4_different_one_buffer
[16:11:47] E5 build/bench_clang_libcxx --n 1024 --u 512 --algs radix --work 1048576 --blocks 9 --pool 8 --batch 1 --variant f_8_different_one_buffer
[16:11:47] E5 build/bench_clang_libcxx --n 1024 --u 512 --algs radix --work 1048576 --blocks 9 --pool 16 --batch 1 --variant f_16_different_one_buffer
[16:11:48] E5 build/bench_clang_libcxx --n 1024 --u 512 --algs radix --work 1048576 --blocks 9 --pool 1 --batch 4 --variant g_4_identical_copies
[16:11:48] E5 build/bench_clang_libcxx --n 1024 --u 512 --algs radix --work 1048576 --blocks 9 --pool 1 --batch 8 --variant g_8_identical_copies
[16:11:48] E5 build/bench_clang_libcxx --n 1024 --u 512 --algs radix --work 1048576 --blocks 9 --pool 1 --batch 16 --variant g_16_identical_copies
[16:11:48] E6 build/bench_gcc --n 1048576 --u 1 --algs sort --blocks 9
[16:11:49] E6 build/bench_clang_libcxx --n 1048576 --u 1 --algs sort --blocks 9
[16:11:49] E6 build/bench_clang_libstdcxx --n 1048576 --u 1 --algs sort --blocks 9
[16:11:50] E7 build/bench_gcc --n 1048576 --u 524288 --keys random
[16:11:58] E7 build/bench_gcc --n 1048576 --u 524288 --keys dense
[16:12:04] E7 build/bench_clang_libcxx --n 1048576 --u 524288 --keys random
[16:12:12] E7 build/bench_clang_libcxx --n 1048576 --u 524288 --keys dense
[16:12:18] E8 build/bench_gcc --keys e8 --nlocal 1048576 --n 1114112 --algs sort,uset,radix,flat,merge_inplace,merge_union
[16:12:30] E8 build/bench_clang_libcxx --keys e8 --nlocal 1048576 --n 1114112 --algs sort,uset,radix,flat,merge_inplace,merge_union
[16:12:42] E9 build/bench_gcc --n 1048576 --u 1048576 --variant thp_malloc
[16:12:54] E9 build/bench_gcc --n 1048576 --u 1048576 --variant default_malloc
[16:13:06] E9 build/bench_gcc --n 1048576 --u 524288 --algs sort,uset --variant thp_malloc
[16:13:12] E9 build/bench_gcc --n 1048576 --u 524288 --algs sort,uset --variant default_malloc
[16:13:18] E9 build/bench_clang_libcxx --n 1048576 --u 1048576 --variant thp_malloc
[16:13:31] E9 build/bench_clang_libcxx --n 1048576 --u 1048576 --variant default_malloc
[16:13:42] E9 build/bench_clang_libcxx --n 1048576 --u 524288 --algs sort,uset --variant thp_malloc
[16:13:49] E9 build/bench_clang_libcxx --n 1048576 --u 524288 --algs sort,uset --variant default_malloc
[16:13:55] E10 build/bench_gcc --n 1048576 --u 1048576 --algs sort,uset,uset_1pass
[16:14:09] E10 build/bench_gcc --n 1048576 --u 524288 --algs sort,uset,uset_1pass
[16:14:17] E10 build/bench_clang_libcxx --n 1048576 --u 1048576 --algs sort,uset,uset_1pass
[16:14:31] E10 build/bench_clang_libcxx --n 1048576 --u 524288 --algs sort,uset,uset_1pass
[16:14:38] session s2 done: E1 E2 E2b E3 E4 E5 E6 E7 E8 E9 E10
[16:15:18] E1 build/bench_gcc --n 1048576 --u 1048576
[16:15:30] E1 build/bench_clang_libcxx --n 1048576 --u 1048576
[16:15:43] E1 build/bench_clang_libstdcxx --n 1048576 --u 1048576
[16:15:55] E2 build/bench_gcc --n 16 --u 8 --algs sort,uset,radix,flat
[16:15:57] E2 build/bench_clang_libcxx --n 16 --u 8 --algs sort,uset
[16:15:58] E2 build/bench_gcc --n 64 --u 32 --algs sort,uset,radix,flat
[16:16:00] E2 build/bench_clang_libcxx --n 64 --u 32 --algs sort,uset
[16:16:01] E2 build/bench_gcc --n 256 --u 128 --algs sort,uset,radix,flat
[16:16:04] E2 build/bench_clang_libcxx --n 256 --u 128 --algs sort,uset
[16:16:05] E2 build/bench_gcc --n 1024 --u 512 --algs sort,uset,radix,flat
[16:16:08] E2 build/bench_clang_libcxx --n 1024 --u 512 --algs sort,uset
[16:16:10] E2 build/bench_gcc --n 4096 --u 2048 --algs sort,uset,radix,flat
[16:16:13] E2 build/bench_clang_libcxx --n 4096 --u 2048 --algs sort,uset
[16:16:15] E2 build/bench_gcc --n 16384 --u 8192 --algs sort,uset,radix,flat
[16:16:19] E2 build/bench_clang_libcxx --n 16384 --u 8192 --algs sort,uset
[16:16:21] E2 build/bench_gcc --n 65536 --u 32768 --algs sort,uset,radix,flat
[16:16:25] E2 build/bench_clang_libcxx --n 65536 --u 32768 --algs sort,uset
[16:16:28] E2 build/bench_gcc --n 262144 --u 131072 --algs sort,uset,radix,flat
[16:16:34] E2 build/bench_clang_libcxx --n 262144 --u 131072 --algs sort,uset
[16:16:39] E2 build/bench_gcc --n 524288 --u 262144 --algs sort,uset,radix,flat
[16:16:46] E2 build/bench_clang_libcxx --n 524288 --u 262144 --algs sort,uset
[16:16:51] E2 build/bench_gcc --n 1048576 --u 524288 --algs sort,uset,radix,flat
[16:16:59] E2 build/bench_clang_libcxx --n 1048576 --u 524288 --algs sort,uset
[16:17:04] E2 build/bench_gcc --n 2097152 --u 1048576 --algs sort,uset,radix,flat
[16:17:12] E2 build/bench_clang_libcxx --n 2097152 --u 1048576 --algs sort,uset
[16:17:19] E2 build/bench_gcc --n 4194304 --u 2097152 --algs sort,uset,radix,flat
[16:17:39] E2 build/bench_clang_libcxx --n 4194304 --u 2097152 --algs sort,uset
[16:17:54] E2b build/bench_gcc --n 16 --u 8 --algs sort,uset --pool 16384 --variant pool_256K_elems
[16:17:55] E2b build/bench_clang_libcxx --n 16 --u 8 --algs sort,uset --pool 16384 --variant pool_256K_elems
[16:17:56] E2b build/bench_gcc --n 64 --u 32 --algs sort,uset --pool 4096 --variant pool_256K_elems
[16:17:57] E2b build/bench_clang_libcxx --n 64 --u 32 --algs sort,uset --pool 4096 --variant pool_256K_elems
[16:17:58] E2b build/bench_gcc --n 256 --u 128 --algs sort,uset --pool 1024 --variant pool_256K_elems
[16:18:00] E2b build/bench_clang_libcxx --n 256 --u 128 --algs sort,uset --pool 1024 --variant pool_256K_elems
[16:18:01] E2b build/bench_gcc --n 1024 --u 512 --algs sort,uset --pool 256 --variant pool_256K_elems
[16:18:03] E2b build/bench_clang_libcxx --n 1024 --u 512 --algs sort,uset --pool 256 --variant pool_256K_elems
[16:18:05] E2b build/bench_gcc --n 4096 --u 2048 --algs sort,uset --pool 64 --variant pool_256K_elems
[16:18:07] E2b build/bench_clang_libcxx --n 4096 --u 2048 --algs sort,uset --pool 64 --variant pool_256K_elems
[16:18:09] E5 build/bench_gcc --n 1024 --u 512 --algs sort --work 1048576 --blocks 9 --pool 1 --batch 1 --variant a_one_array_restored
[16:18:09] E5 build/bench_gcc --n 1024 --u 512 --algs sort --work 1048576 --blocks 9 --pool 1 --batch 64 --variant b_64_identical_copies
[16:18:09] E5 build/bench_gcc --n 1024 --u 512 --algs sort --work 1048576 --blocks 9 --pool 64 --batch 64 --variant c_64_different
[16:18:10] E5 build/bench_gcc --n 1024 --u 512 --algs sort --work 1048576 --blocks 9 --pool 8 --batch 8 --variant d_8_different_64KB
[16:18:10] E5 build/bench_gcc --n 1024 --u 512 --algs sort --work 1048576 --blocks 9 --pool 4 --batch 4 --variant d4_4_different_32KB
[16:18:10] E5 build/bench_gcc --n 1024 --u 512 --algs sort --work 1048576 --blocks 9 --pool 64 --batch 1 --variant e_64_different_one_buffer
[16:18:11] E5 build/bench_gcc --n 1024 --u 512 --algs sort --work 1048576 --blocks 9 --pool 2 --batch 1 --variant f_2_different_one_buffer
[16:18:11] E5 build/bench_gcc --n 1024 --u 512 --algs sort --work 1048576 --blocks 9 --pool 4 --batch 1 --variant f_4_different_one_buffer
[16:18:12] E5 build/bench_gcc --n 1024 --u 512 --algs sort --work 1048576 --blocks 9 --pool 8 --batch 1 --variant f_8_different_one_buffer
[16:18:12] E5 build/bench_gcc --n 1024 --u 512 --algs sort --work 1048576 --blocks 9 --pool 16 --batch 1 --variant f_16_different_one_buffer
[16:18:13] E5 build/bench_gcc --n 1024 --u 512 --algs sort --work 1048576 --blocks 9 --pool 1 --batch 4 --variant g_4_identical_copies
[16:18:13] E5 build/bench_gcc --n 1024 --u 512 --algs sort --work 1048576 --blocks 9 --pool 1 --batch 8 --variant g_8_identical_copies
[16:18:13] E5 build/bench_gcc --n 1024 --u 512 --algs sort --work 1048576 --blocks 9 --pool 1 --batch 16 --variant g_16_identical_copies
[16:18:13] E5 build/bench_gcc --n 1024 --u 512 --algs radix --work 1048576 --blocks 9 --pool 1 --batch 1 --variant a_one_array_restored
[16:18:13] E5 build/bench_gcc --n 1024 --u 512 --algs radix --work 1048576 --blocks 9 --pool 1 --batch 64 --variant b_64_identical_copies
[16:18:14] E5 build/bench_gcc --n 1024 --u 512 --algs radix --work 1048576 --blocks 9 --pool 64 --batch 64 --variant c_64_different
[16:18:14] E5 build/bench_gcc --n 1024 --u 512 --algs radix --work 1048576 --blocks 9 --pool 8 --batch 8 --variant d_8_different_64KB
[16:18:14] E5 build/bench_gcc --n 1024 --u 512 --algs radix --work 1048576 --blocks 9 --pool 4 --batch 4 --variant d4_4_different_32KB
[16:18:14] E5 build/bench_gcc --n 1024 --u 512 --algs radix --work 1048576 --blocks 9 --pool 64 --batch 1 --variant e_64_different_one_buffer
[16:18:14] E5 build/bench_gcc --n 1024 --u 512 --algs radix --work 1048576 --blocks 9 --pool 2 --batch 1 --variant f_2_different_one_buffer
[16:18:15] E5 build/bench_gcc --n 1024 --u 512 --algs radix --work 1048576 --blocks 9 --pool 4 --batch 1 --variant f_4_different_one_buffer
[16:18:15] E5 build/bench_gcc --n 1024 --u 512 --algs radix --work 1048576 --blocks 9 --pool 8 --batch 1 --variant f_8_different_one_buffer
[16:18:15] E5 build/bench_gcc --n 1024 --u 512 --algs radix --work 1048576 --blocks 9 --pool 16 --batch 1 --variant f_16_different_one_buffer
[16:18:15] E5 build/bench_gcc --n 1024 --u 512 --algs radix --work 1048576 --blocks 9 --pool 1 --batch 4 --variant g_4_identical_copies
[16:18:15] E5 build/bench_gcc --n 1024 --u 512 --algs radix --work 1048576 --blocks 9 --pool 1 --batch 8 --variant g_8_identical_copies
[16:18:16] E5 build/bench_gcc --n 1024 --u 512 --algs radix --work 1048576 --blocks 9 --pool 1 --batch 16 --variant g_16_identical_copies
[16:18:16] E5 build/bench_clang_libcxx --n 1024 --u 512 --algs sort --work 1048576 --blocks 9 --pool 1 --batch 1 --variant a_one_array_restored
[16:18:16] E5 build/bench_clang_libcxx --n 1024 --u 512 --algs sort --work 1048576 --blocks 9 --pool 1 --batch 64 --variant b_64_identical_copies
[16:18:16] E5 build/bench_clang_libcxx --n 1024 --u 512 --algs sort --work 1048576 --blocks 9 --pool 64 --batch 64 --variant c_64_different
[16:18:16] E5 build/bench_clang_libcxx --n 1024 --u 512 --algs sort --work 1048576 --blocks 9 --pool 8 --batch 8 --variant d_8_different_64KB
[16:18:17] E5 build/bench_clang_libcxx --n 1024 --u 512 --algs sort --work 1048576 --blocks 9 --pool 4 --batch 4 --variant d4_4_different_32KB
[16:18:17] E5 build/bench_clang_libcxx --n 1024 --u 512 --algs sort --work 1048576 --blocks 9 --pool 64 --batch 1 --variant e_64_different_one_buffer
[16:18:18] E5 build/bench_clang_libcxx --n 1024 --u 512 --algs sort --work 1048576 --blocks 9 --pool 2 --batch 1 --variant f_2_different_one_buffer
[16:18:18] E5 build/bench_clang_libcxx --n 1024 --u 512 --algs sort --work 1048576 --blocks 9 --pool 4 --batch 1 --variant f_4_different_one_buffer
[16:18:18] E5 build/bench_clang_libcxx --n 1024 --u 512 --algs sort --work 1048576 --blocks 9 --pool 8 --batch 1 --variant f_8_different_one_buffer
[16:18:19] E5 build/bench_clang_libcxx --n 1024 --u 512 --algs sort --work 1048576 --blocks 9 --pool 16 --batch 1 --variant f_16_different_one_buffer
[16:18:19] E5 build/bench_clang_libcxx --n 1024 --u 512 --algs sort --work 1048576 --blocks 9 --pool 1 --batch 4 --variant g_4_identical_copies
[16:18:19] E5 build/bench_clang_libcxx --n 1024 --u 512 --algs sort --work 1048576 --blocks 9 --pool 1 --batch 8 --variant g_8_identical_copies
[16:18:20] E5 build/bench_clang_libcxx --n 1024 --u 512 --algs sort --work 1048576 --blocks 9 --pool 1 --batch 16 --variant g_16_identical_copies
[16:18:20] E5 build/bench_clang_libcxx --n 1024 --u 512 --algs radix --work 1048576 --blocks 9 --pool 1 --batch 1 --variant a_one_array_restored
[16:18:20] E5 build/bench_clang_libcxx --n 1024 --u 512 --algs radix --work 1048576 --blocks 9 --pool 1 --batch 64 --variant b_64_identical_copies
[16:18:20] E5 build/bench_clang_libcxx --n 1024 --u 512 --algs radix --work 1048576 --blocks 9 --pool 64 --batch 64 --variant c_64_different
[16:18:20] E5 build/bench_clang_libcxx --n 1024 --u 512 --algs radix --work 1048576 --blocks 9 --pool 8 --batch 8 --variant d_8_different_64KB
[16:18:20] E5 build/bench_clang_libcxx --n 1024 --u 512 --algs radix --work 1048576 --blocks 9 --pool 4 --batch 4 --variant d4_4_different_32KB
[16:18:20] E5 build/bench_clang_libcxx --n 1024 --u 512 --algs radix --work 1048576 --blocks 9 --pool 64 --batch 1 --variant e_64_different_one_buffer
[16:18:21] E5 build/bench_clang_libcxx --n 1024 --u 512 --algs radix --work 1048576 --blocks 9 --pool 2 --batch 1 --variant f_2_different_one_buffer
[16:18:21] E5 build/bench_clang_libcxx --n 1024 --u 512 --algs radix --work 1048576 --blocks 9 --pool 4 --batch 1 --variant f_4_different_one_buffer
[16:18:21] E5 build/bench_clang_libcxx --n 1024 --u 512 --algs radix --work 1048576 --blocks 9 --pool 8 --batch 1 --variant f_8_different_one_buffer
[16:18:21] E5 build/bench_clang_libcxx --n 1024 --u 512 --algs radix --work 1048576 --blocks 9 --pool 16 --batch 1 --variant f_16_different_one_buffer
[16:18:21] E5 build/bench_clang_libcxx --n 1024 --u 512 --algs radix --work 1048576 --blocks 9 --pool 1 --batch 4 --variant g_4_identical_copies
[16:18:21] E5 build/bench_clang_libcxx --n 1024 --u 512 --algs radix --work 1048576 --blocks 9 --pool 1 --batch 8 --variant g_8_identical_copies
[16:18:22] E5 build/bench_clang_libcxx --n 1024 --u 512 --algs radix --work 1048576 --blocks 9 --pool 1 --batch 16 --variant g_16_identical_copies
[16:18:22] E6 build/bench_gcc --n 1048576 --u 1 --algs sort --blocks 9
[16:18:23] E6 build/bench_clang_libcxx --n 1048576 --u 1 --algs sort --blocks 9
[16:18:23] E6 build/bench_clang_libstdcxx --n 1048576 --u 1 --algs sort --blocks 9
[16:18:24] E10 build/bench_gcc --n 1048576 --u 1048576 --algs sort,uset,uset_1pass
[16:18:37] E10 build/bench_gcc --n 1048576 --u 524288 --algs sort,uset,uset_1pass
[16:18:45] E10 build/bench_clang_libcxx --n 1048576 --u 1048576 --algs sort,uset,uset_1pass
[16:19:00] E10 build/bench_clang_libcxx --n 1048576 --u 524288 --algs sort,uset,uset_1pass
[16:19:08] session s3 done: E1 E2 E2b E5 E6 E10
