==9741== Callgrind, a call-graph generating cache profiler
==9741== Copyright (C) 2002-2017, and GNU GPL'd, by Josef Weidendorfer et al.
==9741== Using Valgrind-3.22.0 and LibVEX; rerun with -h for copyright info
==9741== Command: ../../build/bench_gcc --exp CG --session deep --blocks 1 --warmup 0 --work 1 --pool 1 --n 1048576 --u 1048576 --algs radix
==9741== 
--9741-- warning: L3 cache found, using its data for the LL simulation.
--9741-- warning: specified LL cache: line_size 64  assoc 16  total_size 503,316,480
--9741-- warning: simulated LL cache: line_size 64  assoc 30  total_size 503,316,480
==9741== For interactive control, run 'callgrind_control -h'.
==9741== brk segment overflow in thread #1: can't grow to 0x486d000
==9741== (see section Limitations in user manual)
==9741== NOTE: further instances of this message will not be shown
==9741== 
==9741== Events    : Ir Dr Dw I1mr D1mr D1mw ILmr DLmr DLmw
==9741== Collected : 427594721 71156831 61961939 2547 4848157 1847291 2543 3327705 1764007
==9741== 
==9741== I   refs:      427,594,721
==9741== I1  misses:          2,547
==9741== LLi misses:          2,543
==9741== I1  miss rate:        0.00%
==9741== LLi miss rate:        0.00%
==9741== 
==9741== D   refs:      133,118,770  (71,156,831 rd + 61,961,939 wr)
==9741== D1  misses:      6,695,448  ( 4,848,157 rd +  1,847,291 wr)
==9741== LLd misses:      5,091,712  ( 3,327,705 rd +  1,764,007 wr)
==9741== D1  miss rate:         5.0% (       6.8%   +        3.0%  )
==9741== LLd miss rate:         3.8% (       4.7%   +        2.8%  )
==9741== 
==9741== LL refs:         6,697,995  ( 4,850,704 rd +  1,847,291 wr)
==9741== LL misses:       5,094,255  ( 3,330,248 rd +  1,764,007 wr)
==9741== LL miss rate:          0.9% (       0.7%   +        2.8%  )
