==9590== Callgrind, a call-graph generating cache profiler
==9590== Copyright (C) 2002-2017, and GNU GPL'd, by Josef Weidendorfer et al.
==9590== Using Valgrind-3.22.0 and LibVEX; rerun with -h for copyright info
==9590== Command: ../../build/bench_gcc --exp CG --session deep --blocks 1 --warmup 0 --work 1 --pool 1 --n 1048576 --u 1048576 --algs sort
==9590== 
--9590-- warning: L3 cache found, using its data for the LL simulation.
--9590-- warning: specified LL cache: line_size 64  assoc 16  total_size 503,316,480
--9590-- warning: simulated LL cache: line_size 64  assoc 30  total_size 503,316,480
==9590== For interactive control, run 'callgrind_control -h'.
==9590== brk segment overflow in thread #1: can't grow to 0x486d000
==9590== (see section Limitations in user manual)
==9590== NOTE: further instances of this message will not be shown
==9590== 
==9590== Events    : Ir Dr Dw I1mr D1mr D1mw ILmr DLmr DLmw
==9590== Collected : 455290701 84089720 49541053 2540 5067755 728811 2536 2658266 723037
==9590== 
==9590== I   refs:      455,290,701
==9590== I1  misses:          2,540
==9590== LLi misses:          2,536
==9590== I1  miss rate:        0.00%
==9590== LLi miss rate:        0.00%
==9590== 
==9590== D   refs:      133,630,773  (84,089,720 rd + 49,541,053 wr)
==9590== D1  misses:      5,796,566  ( 5,067,755 rd +    728,811 wr)
==9590== LLd misses:      3,381,303  ( 2,658,266 rd +    723,037 wr)
==9590== D1  miss rate:         4.3% (       6.0%   +        1.5%  )
==9590== LLd miss rate:         2.5% (       3.2%   +        1.5%  )
==9590== 
==9590== LL refs:         5,799,106  ( 5,070,295 rd +    728,811 wr)
==9590== LL misses:       3,383,839  ( 2,660,802 rd +    723,037 wr)
==9590== LL miss rate:          0.6% (       0.5%   +        1.5%  )
