==10117== Callgrind, a call-graph generating cache profiler
==10117== Copyright (C) 2002-2017, and GNU GPL'd, by Josef Weidendorfer et al.
==10117== Using Valgrind-3.22.0 and LibVEX; rerun with -h for copyright info
==10117== Command: ../../build/bench_gcc --exp CG --session deep --blocks 1 --warmup 0 --work 1 --pool 1 --n 1048576 --u 524288 --algs sort
==10117== 
--10117-- warning: L3 cache found, using its data for the LL simulation.
--10117-- warning: specified LL cache: line_size 64  assoc 16  total_size 503,316,480
--10117-- warning: simulated LL cache: line_size 64  assoc 30  total_size 503,316,480
==10117== For interactive control, run 'callgrind_control -h'.
==10117== 
==10117== Events    : Ir Dr Dw I1mr D1mr D1mw ILmr DLmr DLmw
==10117== Collected : 419375517 74983210 40502984 2498 4871565 1207138 2494 2470184 645477
==10117== 
==10117== I   refs:      419,375,517
==10117== I1  misses:          2,498
==10117== LLi misses:          2,494
==10117== I1  miss rate:        0.00%
==10117== LLi miss rate:        0.00%
==10117== 
==10117== D   refs:      115,486,194  (74,983,210 rd + 40,502,984 wr)
==10117== D1  misses:      6,078,703  ( 4,871,565 rd +  1,207,138 wr)
==10117== LLd misses:      3,115,661  ( 2,470,184 rd +    645,477 wr)
==10117== D1  miss rate:         5.3% (       6.5%   +        3.0%  )
==10117== LLd miss rate:         2.7% (       3.3%   +        1.6%  )
==10117== 
==10117== LL refs:         6,081,201  ( 4,874,063 rd +  1,207,138 wr)
==10117== LL misses:       3,118,155  ( 2,472,678 rd +    645,477 wr)
==10117== LL miss rate:          0.6% (       0.5%   +        1.6%  )
