==9634== Callgrind, a call-graph generating cache profiler
==9634== Copyright (C) 2002-2017, and GNU GPL'd, by Josef Weidendorfer et al.
==9634== Using Valgrind-3.22.0 and LibVEX; rerun with -h for copyright info
==9634== Command: ../../build/bench_gcc --exp CG --session deep --blocks 1 --warmup 0 --work 1 --pool 1 --n 1048576 --u 1048576 --algs uset
==9634== 
--9634-- warning: L3 cache found, using its data for the LL simulation.
--9634-- warning: specified LL cache: line_size 64  assoc 16  total_size 503,316,480
--9634-- warning: simulated LL cache: line_size 64  assoc 30  total_size 503,316,480
==9634== For interactive control, run 'callgrind_control -h'.
==9634== brk segment overflow in thread #1: can't grow to 0x486d000
==9634== (see section Limitations in user manual)
==9634== NOTE: further instances of this message will not be shown
==9634== 
==9634== Events    : Ir Dr Dw I1mr D1mr D1mw ILmr DLmr DLmw
==9634== Collected : 983153927 210967520 130458998 2580 11801337 1648461 2576 8801623 1642613
==9634== 
==9634== I   refs:      983,153,927
==9634== I1  misses:          2,580
==9634== LLi misses:          2,576
==9634== I1  miss rate:        0.00%
==9634== LLi miss rate:        0.00%
==9634== 
==9634== D   refs:      341,426,518  (210,967,520 rd + 130,458,998 wr)
==9634== D1  misses:     13,449,798  ( 11,801,337 rd +   1,648,461 wr)
==9634== LLd misses:     10,444,236  (  8,801,623 rd +   1,642,613 wr)
==9634== D1  miss rate:         3.9% (        5.6%   +         1.3%  )
==9634== LLd miss rate:         3.1% (        4.2%   +         1.3%  )
==9634== 
==9634== LL refs:        13,452,378  ( 11,803,917 rd +   1,648,461 wr)
==9634== LL misses:      10,446,812  (  8,804,199 rd +   1,642,613 wr)
==9634== LL miss rate:          0.8% (        0.7%   +         1.3%  )
