==10341== Callgrind, a call-graph generating cache profiler
==10341== Copyright (C) 2002-2017, and GNU GPL'd, by Josef Weidendorfer et al.
==10341== Using Valgrind-3.22.0 and LibVEX; rerun with -h for copyright info
==10341== Command: ../../build/bench_gcc --exp CG --session deep --blocks 1 --warmup 0 --work 1 --pool 1 --n 1048576 --u 524288 --algs uset
==10341== 
--10341-- warning: L3 cache found, using its data for the LL simulation.
--10341-- warning: specified LL cache: line_size 64  assoc 16  total_size 503,316,480
--10341-- warning: simulated LL cache: line_size 64  assoc 30  total_size 503,316,480
==10341== For interactive control, run 'callgrind_control -h'.
==10341== brk segment overflow in thread #1: can't grow to 0x4859000
==10341== (see section Limitations in user manual)
==10341== NOTE: further instances of this message will not be shown
==10341== 
==10341== Events    : Ir Dr Dw I1mr D1mr D1mw ILmr DLmr DLmw
==10341== Collected : 618700588 125684098 82972772 2562 8120420 1732621 2558 5653101 1194088
==10341== 
==10341== I   refs:      618,700,588
==10341== I1  misses:          2,562
==10341== LLi misses:          2,558
==10341== I1  miss rate:        0.00%
==10341== LLi miss rate:        0.00%
==10341== 
==10341== D   refs:      208,656,870  (125,684,098 rd + 82,972,772 wr)
==10341== D1  misses:      9,853,041  (  8,120,420 rd +  1,732,621 wr)
==10341== LLd misses:      6,847,189  (  5,653,101 rd +  1,194,088 wr)
==10341== D1  miss rate:         4.7% (        6.5%   +        2.1%  )
==10341== LLd miss rate:         3.3% (        4.5%   +        1.4%  )
==10341== 
==10341== LL refs:         9,855,603  (  8,122,982 rd +  1,732,621 wr)
==10341== LL misses:       6,849,747  (  5,655,659 rd +  1,194,088 wr)
==10341== LL miss rate:          0.8% (        0.8%   +        1.4%  )
