jobs: 232
done main__gcc__X__alg_radix_n_1048576_u_1048576 in 2 s
done main__gcc__X__alg_sort_n_1048576_u_1048576 in 3 s
done main__gcc__X__alg_flat_n_1048576_u_1048576 in 19 s
done main__gcc__X__alg_flat_phased_n_1048576_u_1048576 in 19 s
done main__gcc__X__alg_sort_n_1048576_u_524288 in 4 s
done main__gcc__X__alg_flat_n_1048576_u_524288 in 3 s
done main__gcc__X__alg_uset_n_1048576_u_1048576 in 28 s
done main__gcc__X__alg_radix_n_1048576_u_524288 in 2 s
done main__gcc__X__alg_uset_phased_n_1048576_u_1048576 in 27 s
done main__gcc__X__alg_uset_n_1048576_u_524288 in 8 s
done main__gcc__X__alg_flat_phased_n_1048576_u_524288 in 3 s
done main__gcc__E__alg_sort_n_1048576_u_1048576 in 2 s
done main__gcc__E__alg_radix_n_1048576_u_1048576 in 3 s
done main__gcc__X__alg_uset_phased_n_1048576_u_524288 in 7 s
done main__gcc__E__alg_flat_n_1048576_u_1048576 in 5 s
done main__gcc__E__alg_sort_n_1048576_u_524288 in 2 s
done main__gcc__E__alg_flat_phased_n_1048576_u_1048576 in 4 s
done main__gcc__E__alg_flat_n_1048576_u_524288 in 4 s
done main__gcc__E__alg_uset_n_1048576_u_1048576 in 13 s
done main__gcc__E__alg_uset_phased_n_1048576_u_1048576 in 11 s
done main__gcc__E__alg_radix_n_1048576_u_524288 in 3 s
done main__gcc__E__alg_uset_n_1048576_u_524288 in 7 s
done main__gcc__P__alg_sort_n_1048576_u_1048576 in 2 s
done main__gcc__E__alg_flat_phased_n_1048576_u_524288 in 3 s
done main__gcc__P__alg_radix_n_1048576_u_1048576 in 2 s
done main__gcc__E__alg_uset_phased_n_1048576_u_524288 in 8 s
done main__gcc__P__alg_flat_n_1048576_u_1048576 in 5 s
done main__gcc__P__alg_flat_phased_n_1048576_u_1048576 in 4 s
done main__gcc__P__alg_sort_n_1048576_u_524288 in 2 s
done main__gcc__P__alg_flat_n_1048576_u_524288 in 3 s
done main__gcc__P__alg_uset_n_1048576_u_1048576 in 13 s
done main__gcc__P__alg_radix_n_1048576_u_524288 in 3 s
done main__gcc__P__alg_uset_n_1048576_u_524288 in 6 s
done main__gcc__P__alg_flat_phased_n_1048576_u_524288 in 4 s
done main__libcxx__X__alg_sort_n_1048576_u_1048576 in 5 s
done main__gcc__P__alg_uset_phased_n_1048576_u_1048576 in 17 s
done main__gcc__P__alg_uset_phased_n_1048576_u_524288 in 9 s
done main__libcxx__X__alg_radix_n_1048576_u_1048576 in 5 s
done main__libcxx__X__alg_flat_n_1048576_u_1048576 in 7 s
done main__libcxx__X__alg_flat_phased_n_1048576_u_1048576 in 6 s
done main__libcxx__X__alg_sort_n_1048576_u_524288 in 5 s
done main__libcxx__X__alg_flat_n_1048576_u_524288 in 4 s
done main__libcxx__X__alg_uset_n_1048576_u_1048576 in 19 s
done main__libcxx__X__alg_radix_n_1048576_u_524288 in 3 s
done main__libcxx__X__alg_uset_phased_n_1048576_u_1048576 in 17 s
done main__libcxx__X__alg_uset_n_1048576_u_524288 in 9 s
done main__libcxx__X__alg_flat_phased_n_1048576_u_524288 in 4 s
done main__libcxx__E__alg_sort_n_1048576_u_1048576 in 5 s
done main__libcxx__E__alg_radix_n_1048576_u_1048576 in 3 s
done main__libcxx__X__alg_uset_phased_n_1048576_u_524288 in 10 s
done main__libcxx__E__alg_flat_n_1048576_u_1048576 in 6 s
done main__libcxx__E__alg_flat_phased_n_1048576_u_1048576 in 5 s
done main__libcxx__E__alg_sort_n_1048576_u_524288 in 6 s
done main__libcxx__E__alg_flat_n_1048576_u_524288 in 8 s
done main__libcxx__E__alg_uset_n_1048576_u_1048576 in 25 s
done main__libcxx__E__alg_radix_n_1048576_u_524288 in 5 s
done main__libcxx__E__alg_uset_n_1048576_u_524288 in 18 s
done main__libcxx__E__alg_flat_phased_n_1048576_u_524288 in 13 s
done main__libcxx__E__alg_uset_phased_n_1048576_u_1048576 in 36 s
done main__libcxx__P__alg_sort_n_1048576_u_1048576 in 13 s
done main__libcxx__P__alg_radix_n_1048576_u_1048576 in 9 s
done main__libcxx__E__alg_uset_phased_n_1048576_u_524288 in 27 s
done main__libcxx__P__alg_flat_n_1048576_u_1048576 in 18 s
done main__libcxx__P__alg_flat_phased_n_1048576_u_1048576 in 18 s
done main__libcxx__P__alg_sort_n_1048576_u_524288 in 12 s
done main__libcxx__P__alg_flat_n_1048576_u_524288 in 7 s
done main__libcxx__P__alg_radix_n_1048576_u_524288 in 5 s
done main__libcxx__P__alg_uset_n_1048576_u_1048576 in 44 s
done main__libcxx__P__alg_uset_n_1048576_u_524288 in 17 s
done main__libcxx__P__alg_uset_phased_n_1048576_u_1048576 in 36 s
done curve__gcc__X__alg_sort_n_65536_u_32768 in 1 s
done curve__gcc__X__alg_flat_n_65536_u_32768 in 1 s
done curve__gcc__X__alg_uset_n_65536_u_32768 in 1 s
done curve__gcc__X__alg_sort_n_131072_u_65536 in 1 s
done curve__gcc__X__alg_flat_n_131072_u_65536 in 1 s
done main__libcxx__P__alg_flat_phased_n_1048576_u_524288 in 6 s
done curve__gcc__X__alg_uset_n_131072_u_65536 in 3 s
done curve__gcc__X__alg_sort_n_262144_u_131072 in 1 s
done curve__gcc__X__alg_flat_n_262144_u_131072 in 2 s
done main__libcxx__P__alg_uset_phased_n_1048576_u_524288 in 10 s
done curve__gcc__X__alg_sort_n_524288_u_262144 in 3 s
done curve__gcc__X__alg_uset_n_262144_u_131072 in 5 s
done curve__gcc__X__alg_flat_n_524288_u_262144 in 3 s
done curve__gcc__X__alg_sort_n_1048576_u_524288 in 5 s
done curve__gcc__X__alg_uset_n_524288_u_262144 in 7 s
done curve__gcc__X__alg_flat_n_1048576_u_524288 in 6 s
done curve__gcc__X__alg_uset_n_1048576_u_524288 in 14 s
done curve__gcc__E__alg_sort_n_65536_u_32768 in 2 s
done curve__gcc__X__alg_sort_n_2097152_u_1048576 in 12 s
done curve__gcc__E__alg_uset_n_65536_u_32768 in 1 s
done curve__gcc__E__alg_flat_n_65536_u_32768 in 2 s
done curve__gcc__E__alg_sort_n_131072_u_65536 in 2 s
done curve__gcc__E__alg_flat_n_131072_u_65536 in 2 s
done curve__gcc__E__alg_uset_n_131072_u_65536 in 3 s
done curve__gcc__X__alg_flat_n_2097152_u_1048576 in 16 s
done curve__gcc__E__alg_sort_n_262144_u_131072 in 4 s
done curve__gcc__E__alg_uset_n_262144_u_131072 in 5 s
done curve__gcc__E__alg_flat_n_262144_u_131072 in 4 s
done curve__gcc__E__alg_sort_n_524288_u_262144 in 4 s
done curve__gcc__E__alg_flat_n_524288_u_262144 in 7 s
done curve__gcc__E__alg_uset_n_524288_u_262144 in 12 s
done curve__gcc__E__alg_sort_n_1048576_u_524288 in 15 s
done curve__gcc__X__alg_uset_n_2097152_u_1048576 in 46 s
done curve__gcc__E__alg_flat_n_1048576_u_524288 in 13 s
done curve__gcc__E__alg_uset_n_1048576_u_524288 in 23 s
done curve__gcc__P__alg_sort_n_65536_u_32768 in 2 s
done curve__gcc__E__alg_sort_n_2097152_u_1048576 in 15 s
done curve__gcc__P__alg_flat_n_65536_u_32768 in 1 s
done curve__gcc__P__alg_uset_n_65536_u_32768 in 2 s
done curve__gcc__P__alg_sort_n_131072_u_65536 in 1 s
done curve__gcc__P__alg_flat_n_131072_u_65536 in 2 s
done curve__gcc__E__alg_flat_n_2097152_u_1048576 in 11 s
done curve__gcc__P__alg_uset_n_131072_u_65536 in 3 s
done curve__gcc__P__alg_sort_n_262144_u_131072 in 2 s
done curve__gcc__P__alg_uset_n_262144_u_131072 in 3 s
done curve__gcc__P__alg_flat_n_262144_u_131072 in 2 s
done curve__gcc__P__alg_sort_n_524288_u_262144 in 4 s
done curve__gcc__P__alg_flat_n_524288_u_262144 in 4 s
done curve__gcc__P__alg_uset_n_524288_u_262144 in 8 s
done curve__gcc__P__alg_sort_n_1048576_u_524288 in 7 s
done curve__gcc__P__alg_flat_n_1048576_u_524288 in 9 s
done curve__gcc__E__alg_uset_n_2097152_u_1048576 in 34 s
done curve__gcc__P__alg_uset_n_1048576_u_524288 in 19 s
done curve__libcxx__X__alg_sort_n_65536_u_32768 in 1 s
done curve__gcc__P__alg_sort_n_2097152_u_1048576 in 16 s
done curve__libcxx__X__alg_uset_n_65536_u_32768 in 1 s
done curve__libcxx__X__alg_flat_n_65536_u_32768 in 1 s
done curve__libcxx__X__alg_sort_n_131072_u_65536 in 1 s
done curve__libcxx__X__alg_flat_n_131072_u_65536 in 2 s
done curve__libcxx__X__alg_uset_n_131072_u_65536 in 2 s
done curve__libcxx__X__alg_sort_n_262144_u_131072 in 1 s
done curve__libcxx__X__alg_flat_n_262144_u_131072 in 2 s
done curve__libcxx__X__alg_uset_n_262144_u_131072 in 3 s
done curve__gcc__P__alg_flat_n_2097152_u_1048576 in 14 s
done curve__libcxx__X__alg_sort_n_524288_u_262144 in 2 s
done curve__libcxx__X__alg_flat_n_524288_u_262144 in 2 s
done curve__libcxx__X__alg_uset_n_524288_u_262144 in 5 s
done curve__libcxx__X__alg_sort_n_1048576_u_524288 in 5 s
done curve__libcxx__X__alg_flat_n_1048576_u_524288 in 4 s
done curve__gcc__P__alg_uset_n_2097152_u_1048576 in 27 s
done curve__libcxx__X__alg_uset_n_1048576_u_524288 in 12 s
done curve__libcxx__E__alg_sort_n_65536_u_32768 in 0 s
done curve__libcxx__E__alg_uset_n_65536_u_32768 in 2 s
done curve__libcxx__X__alg_sort_n_2097152_u_1048576 in 10 s
done curve__libcxx__E__alg_flat_n_65536_u_32768 in 0 s
done curve__libcxx__E__alg_sort_n_131072_u_65536 in 1 s
done curve__libcxx__E__alg_uset_n_131072_u_65536 in 2 s
done curve__libcxx__E__alg_flat_n_131072_u_65536 in 0 s
done curve__libcxx__E__alg_sort_n_262144_u_131072 in 2 s
done curve__libcxx__E__alg_flat_n_262144_u_131072 in 1 s
done curve__libcxx__E__alg_uset_n_262144_u_131072 in 3 s
done curve__libcxx__X__alg_flat_n_2097152_u_1048576 in 10 s
done curve__libcxx__E__alg_sort_n_524288_u_262144 in 2 s
done curve__libcxx__E__alg_flat_n_524288_u_262144 in 3 s
done curve__libcxx__E__alg_uset_n_524288_u_262144 in 5 s
done curve__libcxx__X__alg_uset_n_2097152_u_1048576 in 19 s
done curve__libcxx__E__alg_sort_n_1048576_u_524288 in 4 s
done curve__libcxx__E__alg_flat_n_1048576_u_524288 in 4 s
done curve__libcxx__E__alg_uset_n_1048576_u_524288 in 9 s
done curve__libcxx__P__alg_sort_n_65536_u_32768 in 0 s
done curve__libcxx__P__alg_uset_n_65536_u_32768 in 1 s
done curve__libcxx__P__alg_flat_n_65536_u_32768 in 0 s
done curve__libcxx__P__alg_sort_n_131072_u_65536 in 1 s
done curve__libcxx__E__alg_sort_n_2097152_u_1048576 in 8 s
done curve__libcxx__P__alg_uset_n_131072_u_65536 in 0 s
done curve__libcxx__P__alg_flat_n_131072_u_65536 in 1 s
done curve__libcxx__P__alg_sort_n_262144_u_131072 in 1 s
done curve__libcxx__E__alg_flat_n_2097152_u_1048576 in 6 s
done curve__libcxx__P__alg_flat_n_262144_u_131072 in 1 s
done curve__libcxx__P__alg_uset_n_262144_u_131072 in 2 s
done curve__libcxx__P__alg_sort_n_524288_u_262144 in 2 s
done curve__libcxx__P__alg_flat_n_524288_u_262144 in 2 s
done curve__libcxx__P__alg_sort_n_1048576_u_524288 in 3 s
done curve__libcxx__P__alg_uset_n_524288_u_262144 in 5 s
done curve__libcxx__P__alg_flat_n_1048576_u_524288 in 2 s
done curve__libcxx__E__alg_uset_n_2097152_u_1048576 in 16 s
done curve__libcxx__P__alg_sort_n_2097152_u_1048576 in 5 s
done curve__libcxx__P__alg_uset_n_1048576_u_524288 in 7 s
done order__gcc__X__alg_sort_n_1048576_u_524288_order_random in 2 s
done curve__libcxx__P__alg_flat_n_2097152_u_1048576 in 7 s
done order__gcc__X__alg_sort_n_1048576_u_524288_order_runs in 2 s
done order__gcc__X__alg_uset_n_1048576_u_524288_order_random in 6 s
done order__gcc__X__alg_sort_n_1048576_u_524288_order_sorted in 2 s
done order__libcxx__X__alg_sort_n_1048576_u_524288_order_random in 2 s
done curve__libcxx__P__alg_uset_n_2097152_u_1048576 in 14 s
done order__gcc__X__alg_uset_n_1048576_u_524288_order_sorted in 4 s
done order__gcc__X__alg_uset_n_1048576_u_524288_order_runs in 9 s
done order__libcxx__X__alg_sort_n_1048576_u_524288_order_sorted in 1 s
done order__libcxx__X__alg_uset_n_1048576_u_524288_order_random in 5 s
done order__libcxx__X__alg_sort_n_1048576_u_524288_order_runs in 4 s
done learned__gcc__X__alg_sort_n_1024_u_512_mode_learned_a_calls_64 in 1 s
done learned__gcc__X__alg_radix_n_1024_u_512_mode_learned_a_calls_64 in 0 s
done learned__gcc__X__alg_sort_n_1024_u_512_mode_learned_b_calls_64 in 0 s
done learned__gcc__X__alg_radix_n_1024_u_512_mode_learned_b_calls_64 in 0 s
done learned__gcc__X__alg_radix_n_1024_u_512_mode_learned_c_calls_64 in 0 s
done learned__gcc__X__alg_sort_n_1024_u_512_mode_learned_c_calls_64 in 1 s
done learned__libcxx__X__alg_sort_n_1024_u_512_mode_learned_a_calls_64 in 0 s
done order__libcxx__X__alg_uset_n_1048576_u_524288_order_runs in 5 s
done learned__libcxx__X__alg_sort_n_1024_u_512_mode_learned_b_calls_64 in 1 s
done learned__libcxx__X__alg_radix_n_1024_u_512_mode_learned_a_calls_64 in 1 s
done learned__libcxx__X__alg_radix_n_1024_u_512_mode_learned_b_calls_64 in 1 s
done learned__libcxx__X__alg_sort_n_1024_u_512_mode_learned_c_calls_64 in 0 s
done learned__libcxx__X__alg_radix_n_1024_u_512_mode_learned_c_calls_64 in 0 s
done order__libcxx__X__alg_uset_n_1048576_u_524288_order_sorted in 6 s
done merge__gcc__X__alg_sort_keys_e8_nlocal_1048576_n_1114112 in 4 s
done merge__gcc__X__alg_merge_inplace_keys_e8_nlocal_1048576_n_1114112 in 1 s
done merge__gcc__X__alg_flat_keys_e8_nlocal_1048576_n_1114112 in 5 s
done merge__gcc__X__alg_radix_keys_e8_nlocal_1048576_n_1114112 in 2 s
done merge__gcc__X__alg_merge_union_keys_e8_nlocal_1048576_n_1114112 in 2 s
done merge__gcc__P__alg_sort_keys_e8_nlocal_1048576_n_1114112 in 3 s
done merge__gcc__P__alg_radix_keys_e8_nlocal_1048576_n_1114112 in 1 s
done merge__gcc__P__alg_merge_inplace_keys_e8_nlocal_1048576_n_1114112 in 1 s
done merge__gcc__P__alg_merge_union_keys_e8_nlocal_1048576_n_1114112 in 1 s
done merge__gcc__X__alg_uset_keys_e8_nlocal_1048576_n_1114112 in 12 s
done merge__gcc__P__alg_flat_keys_e8_nlocal_1048576_n_1114112 in 5 s
done merge__libcxx__X__alg_sort_keys_e8_nlocal_1048576_n_1114112 in 2 s
done merge__libcxx__X__alg_radix_keys_e8_nlocal_1048576_n_1114112 in 2 s
done merge__libcxx__X__alg_merge_inplace_keys_e8_nlocal_1048576_n_1114112 in 1 s
done merge__gcc__P__alg_uset_keys_e8_nlocal_1048576_n_1114112 in 11 s
done merge__libcxx__X__alg_flat_keys_e8_nlocal_1048576_n_1114112 in 5 s
done merge__libcxx__X__alg_merge_union_keys_e8_nlocal_1048576_n_1114112 in 1 s
done merge__libcxx__P__alg_sort_keys_e8_nlocal_1048576_n_1114112 in 3 s
done merge__libcxx__P__alg_radix_keys_e8_nlocal_1048576_n_1114112 in 2 s
done merge__libcxx__P__alg_merge_inplace_keys_e8_nlocal_1048576_n_1114112 in 1 s
done merge__libcxx__P__alg_merge_union_keys_e8_nlocal_1048576_n_1114112 in 1 s
done merge__libcxx__P__alg_flat_keys_e8_nlocal_1048576_n_1114112 in 6 s
done merge__libcxx__X__alg_uset_keys_e8_nlocal_1048576_n_1114112 in 12 s
done dense__gcc__X__alg_sort_n_1048576_u_524288_keys_dense in 3 s
done merge__libcxx__P__alg_uset_keys_e8_nlocal_1048576_n_1114112 in 10 s
done dense__libcxx__X__alg_sort_n_1048576_u_524288_keys_dense in 4 s
done dense__gcc__X__alg_uset_n_1048576_u_524288_keys_dense in 6 s
done dense__libcxx__X__alg_uset_n_1048576_u_524288_keys_dense in 4 s
all done
