08:54:34 start
08:54:38 sortcnt gcc
08:54:41 sortcnt libcxx
08:54:43 cg gcc_sort_random
08:54:46 cg gcc_sort_cmp_random
08:54:48 cg gcc_pdq_random
08:54:51 cg gcc_pdqb_random
08:54:52 cg gcc_radix_random
08:54:54 cg gcc_unique_random
08:54:56 cg gcc_sort_sorted
08:54:58 cg gcc_sort_equal
08:54:59 cg gcc_sort_runs
08:55:01 cg gcc_sort_reverse
08:55:03 cg libcxx_sort_random
08:55:06 cg libcxx_sort_cmp_random
08:55:07 cg libcxx_pdq_random
08:55:08 cg libcxx_pdqb_random
08:55:09 cg libcxx_radix_random
08:55:11 cg libcxx_unique_random
08:55:12 cg libcxx_sort_sorted
08:55:13 cg libcxx_sort_equal
08:55:16 cg libcxx_sort_runs
08:55:17 cg libcxx_sort_reverse
08:55:19 cg gcc_simd_avx2_random
08:55:22 cg gcc_sort_avx2_random
08:55:22 ALL DONE
