[08:51:45] gcc13-libstdc++_sort_random_N1024_U512 83.33,16.585,4.9534,29.9
[08:51:48] gcc13-libstdc++_sort_random_N65536_U32768 125.25,25.373,7.5184,29.6
[08:51:48] gcc13-libstdc++_uset_random_N1024_U512 230.10,50.712,0.8762,1.7
[08:51:53] gcc13-libstdc++_uset_random_N65536_U32768 267.88,56.294,1.0519,1.9
[08:51:54] gcc13-libstdc++_flat_random_N1024_U512 95.50,11.657,1.5698,13.5
[08:51:57] gcc13-libstdc++_flat_random_N65536_U32768 94.69,11.546,1.5446,13.4
[08:51:57] gcc13-libstdc++_radix_random_N1024_U512 140.20,14.093,0.4486,3.2
[08:52:00] gcc13-libstdc++_radix_random_N65536_U32768 126.71,11.048,0.4304,3.9
[08:52:00] gcc13-libstdc++_sort_sorted_N1024_U512 65.11,13.783,0.9142,6.6
[08:52:03] gcc13-libstdc++_sort_sorted_N65536_U32768 102.07,22.233,0.9240,4.2
[08:52:03] gcc13-libstdc++_uset_sorted_N1024_U512 228.85,50.425,0.7620,1.5
[08:52:07] gcc13-libstdc++_uset_sorted_N65536_U32768 266.70,56.022,0.9609,1.7
[08:52:08] gcc13-libstdc++_flat_sorted_N1024_U512 95.50,11.656,1.6466,14.1
[08:52:10] gcc13-libstdc++_flat_sorted_N65536_U32768 94.69,11.546,1.6340,14.2
[08:52:11] gcc13-libstdc++_radix_sorted_N1024_U512 140.20,14.093,0.4486,3.2
[08:52:14] gcc13-libstdc++_radix_sorted_N65536_U32768 126.71,11.048,0.4304,3.9
[08:52:14] clang18-libc++_sort_random_N1024_U512 77.00,16.280,4.5963,28.2
[08:52:16] clang18-libc++_sort_random_N65536_U32768 112.29,24.343,7.3465,30.2
[08:52:17] clang18-libc++_uset_random_N1024_U512 262.39,39.152,0.9622,2.5
[08:52:22] clang18-libc++_uset_random_N65536_U32768 299.98,44.441,1.1676,2.6
[08:52:23] clang18-libc++_flat_random_N1024_U512 91.16,12.147,1.5688,12.9
[08:52:26] clang18-libc++_flat_random_N65536_U32768 90.33,12.039,1.5460,12.8
[08:52:28] clang18-libc++_radix_random_N1024_U512 123.67,15.599,0.4414,2.8
[08:52:33] clang18-libc++_radix_random_N65536_U32768 107.75,7.134,0.4307,6.0
[08:52:34] clang18-libc++_sort_sorted_N1024_U512 28.86,6.258,0.4575,7.3
[08:52:37] clang18-libc++_sort_sorted_N65536_U32768 26.01,5.669,0.4303,7.6
[08:52:38] clang18-libc++_uset_sorted_N1024_U512 261.53,38.874,1.0399,2.7
[08:52:47] clang18-libc++_uset_sorted_N65536_U32768 299.37,44.101,1.2367,2.8
[08:52:49] clang18-libc++_flat_sorted_N1024_U512 91.16,12.146,1.6465,13.6
[08:52:57] clang18-libc++_flat_sorted_N65536_U32768 90.33,12.039,1.6353,13.6
[08:52:58] clang18-libc++_radix_sorted_N1024_U512 123.67,15.599,0.4414,2.8
[08:53:05] clang18-libc++_radix_sorted_N65536_U32768 107.75,7.134,0.4307,6.0
[08:53:15] gcc13-libstdc++_sortonly_random_N65536_U32768 116.75,23.373,7.0885,30.3
[08:53:21] gcc13-libstdc++_sortonly_sorted_N65536_U32768 93.57,20.233,0.4941,2.4
[08:53:26] gcc13-libstdc++_unique_sorted_N65536_U32768 8.50,2.000,0.4299,21.5
[08:53:31] gcc13-libstdc++_sortonly_random_N65536_U65536 117.78,23.539,7.1108,30.2
[08:53:35] clang18-libc++_sortonly_random_N65536_U32768 103.79,22.343,6.9166,31.0
[08:53:37] clang18-libc++_sortonly_sorted_N65536_U32768 17.51,3.669,0.0003,0.0
[08:53:39] clang18-libc++_unique_sorted_N65536_U32768 8.50,2.000,0.4300,21.5
[08:53:43] clang18-libc++_sortonly_random_N65536_U65536 105.87,22.721,6.8926,30.3
[08:53:46] gcc13-libstdc++_sort_random_N65536_U65536 124.78,25.539,7.1109,27.8
[08:53:55] gcc13-libstdc++_uset_random_N65536_U65536 498.99,91.845,1.7784,1.9
[08:53:58] gcc13-libstdc++_flat_random_N65536_U65536 124.26,13.123,1.8424,14.0
[08:54:01] gcc13-libstdc++_radix_random_N65536_U65536 125.22,11.048,0.0006,0.0
[08:54:05] clang18-libc++_sort_random_N65536_U65536 112.87,24.721,6.8926,27.9
[08:54:11] clang18-libc++_uset_random_N65536_U65536 532.69,82.693,2.1451,2.6
[08:54:15] clang18-libc++_flat_random_N65536_U65536 117.00,14.107,1.8385,13.0
[08:54:18] clang18-libc++_radix_random_N65536_U65536 106.25,7.135,0.0008,0.0
[08:54:19] gcc13-libstdc++_sort_random_N16_U8 43.85,8.391,1.4793,17.6
[08:54:20] gcc13-libstdc++_sort_random_N24_U12 48.07,9.229,1.7039,18.5
[08:54:20] gcc13-libstdc++_sort_random_N32_U16 50.29,9.699,2.1502,22.2
[08:54:21] gcc13-libstdc++_sort_random_N64_U32 57.11,11.102,2.9198,26.3
[08:54:22] gcc13-libstdc++_sort_random_N128_U64 62.79,12.248,3.6273,29.6
[08:54:23] gcc13-libstdc++_sort_random_N256_U128 68.90,13.570,4.0137,29.6
[08:54:24] gcc13-libstdc++_sort_random_N4096_U2048 96.99,19.471,5.8364,30.0
[08:54:26] gcc13-libstdc++_sort_random_N16384_U8192 111.35,22.485,6.6491,29.6
[08:54:27] clang18-libc++_sort_random_N16_U8 49.94,11.219,1.4377,12.8
[08:54:28] clang18-libc++_sort_random_N24_U12 51.67,10.770,1.6267,15.1
[08:54:28] clang18-libc++_sort_random_N32_U16 49.18,9.988,1.9274,19.3
[08:54:29] clang18-libc++_sort_random_N64_U32 55.51,11.500,2.4370,21.2
[08:54:30] clang18-libc++_sort_random_N128_U64 60.49,12.688,3.2289,25.4
[08:54:31] clang18-libc++_sort_random_N256_U128 66.34,13.916,3.5723,25.7
[08:54:32] clang18-libc++_sort_random_N4096_U2048 89.41,19.110,5.5180,28.9
[08:54:33] clang18-libc++_sort_random_N16384_U8192 100.56,21.651,6.4642,29.9
[08:54:37] clang18-libc++_sortless_random_N65536_U32768 112.29,24.343,7.3466,30.2
[08:54:37] clang18-libc++_sortless_random_N1024_U512 77.00,16.280,4.5969,28.2
DONE_CG
